LS_OUTPUT_LINE_0
LS_OUTPUT_LINE_1
LS_OUTPUT_LINE_2
LS_OUTPUT_LINE_3
LS_OUTPUT_LINE_4
LS_OUTPUT_LINE_5
LS_OUTPUT_LINE_6
LS_OUTPUT_LINE_7
LS_OUTPUT_LINE_8
LS_OUTPUT_LINE_9
UNABLE TO EXECUTE
