UNABLE TO EXECUTE
UNABLE TO EXECUTE
PS_OUTPUT_LINE_0
PS_OUTPUT_LINE_1
PS_OUTPUT_LINE_2
PS_OUTPUT_LINE_3
PS_OUTPUT_LINE_4
PS_OUTPUT_LINE_5
PS_OUTPUT_LINE_6
PS_OUTPUT_LINE_7
PS_OUTPUT_LINE_8
PS_OUTPUT_LINE_9
