GREP_DEFAULT_MODE_OUTPUT_LINE_0
GREP_DEFAULT_MODE_OUTPUT_LINE_1
GREP_DEFAULT_MODE_OUTPUT_LINE_2
GREP_DEFAULT_MODE_OUTPUT_LINE_3
GREP_DEFAULT_MODE_OUTPUT_LINE_4
GREP_DEFAULT_MODE_OUTPUT_LINE_5
GREP_DEFAULT_MODE_OUTPUT_LINE_6
GREP_DEFAULT_MODE_OUTPUT_LINE_7
GREP_DEFAULT_MODE_OUTPUT_LINE_8
GREP_DEFAULT_MODE_OUTPUT_LINE_9
